Sat, 10 Oct 2015 10:04:39 main.py[line:77] INFO  
Sat, 10 Oct 2015 10:04:39 main.py[line:78] INFO ***************************请求次数:0*******************************
Sat, 10 Oct 2015 10:04:39 main.py[line:79] INFO Thread:(139641575425792) Time:Sat Oct 10 10:04:39 2015

Sat, 10 Oct 2015 10:04:39 main.py[line:53] INFO 发送数据: operationData=%5B%7B%27login%27%3A+%27admin%27%2C+%27password%27%3A+%27gunlei1234%27%7D%5D
Sat, 10 Oct 2015 10:04:39 main.py[line:54] INFO 返回码: 302
Sat, 10 Oct 2015 10:04:39 main.py[line:55] INFO 返回数据: 
Sat, 10 Oct 2015 10:04:39 main.py[line:77] INFO  
Sat, 10 Oct 2015 10:04:39 main.py[line:78] INFO ***************************请求次数:1*******************************
Sat, 10 Oct 2015 10:04:39 main.py[line:79] INFO Thread:(139641738606336) Time:Sat Oct 10 10:04:39 2015

Sat, 10 Oct 2015 10:04:39 main.py[line:53] INFO 发送数据: operationData=%5B%7B%27login%27%3A+%27admin%27%2C+%27password%27%3A+%27gunlei1234%27%7D%5D
Sat, 10 Oct 2015 10:04:39 main.py[line:54] INFO 返回码: 302
Sat, 10 Oct 2015 10:04:39 main.py[line:55] INFO 返回数据: 
Sat, 10 Oct 2015 10:04:39 main.py[line:77] INFO  
Sat, 10 Oct 2015 10:04:39 main.py[line:78] INFO ***************************请求次数:2*******************************
Sat, 10 Oct 2015 10:04:39 main.py[line:79] INFO Thread:(139641730213632) Time:Sat Oct 10 10:04:39 2015

Sat, 10 Oct 2015 10:04:39 main.py[line:53] INFO 发送数据: operationData=%5B%7B%27login%27%3A+%27admin%27%2C+%27password%27%3A+%27gunlei1234%27%7D%5D
Sat, 10 Oct 2015 10:04:39 main.py[line:54] INFO 返回码: 302
Sat, 10 Oct 2015 10:04:39 main.py[line:55] INFO 返回数据: 
Sat, 10 Oct 2015 10:04:39 main.py[line:77] INFO  
Sat, 10 Oct 2015 10:04:39 main.py[line:78] INFO ***************************请求次数:3*******************************
Sat, 10 Oct 2015 10:04:39 main.py[line:79] INFO Thread:(139641567033088) Time:Sat Oct 10 10:04:39 2015

Sat, 10 Oct 2015 10:04:39 main.py[line:53] INFO 发送数据: operationData=%5B%7B%27login%27%3A+%27admin%27%2C+%27password%27%3A+%27gunlei1234%27%7D%5D
Sat, 10 Oct 2015 10:04:39 main.py[line:54] INFO 返回码: 302
Sat, 10 Oct 2015 10:04:39 main.py[line:55] INFO 返回数据: 
Sat, 10 Oct 2015 10:04:39 main.py[line:77] INFO  
Sat, 10 Oct 2015 10:04:39 main.py[line:78] INFO ***************************请求次数:4*******************************
Sat, 10 Oct 2015 10:04:39 main.py[line:79] INFO Thread:(139641600603904) Time:Sat Oct 10 10:04:39 2015

Sat, 10 Oct 2015 10:04:39 main.py[line:53] INFO 发送数据: operationData=%5B%7B%27login%27%3A+%27admin%27%2C+%27password%27%3A+%27gunlei1234%27%7D%5D
Sat, 10 Oct 2015 10:04:39 main.py[line:54] INFO 返回码: 302
Sat, 10 Oct 2015 10:04:39 main.py[line:55] INFO 返回数据: 
Sat, 10 Oct 2015 10:04:39 main.py[line:77] INFO  
Sat, 10 Oct 2015 10:04:39 main.py[line:78] INFO ***************************请求次数:5*******************************
Sat, 10 Oct 2015 10:04:39 main.py[line:79] INFO Thread:(139641721820928) Time:Sat Oct 10 10:04:39 2015

Sat, 10 Oct 2015 10:04:39 main.py[line:53] INFO 发送数据: operationData=%5B%7B%27login%27%3A+%27admin%27%2C+%27password%27%3A+%27gunlei1234%27%7D%5D
Sat, 10 Oct 2015 10:04:39 main.py[line:54] INFO 返回码: 302
Sat, 10 Oct 2015 10:04:39 main.py[line:55] INFO 返回数据: 
Sat, 10 Oct 2015 10:04:39 main.py[line:77] INFO  
Sat, 10 Oct 2015 10:04:39 main.py[line:78] INFO ***************************请求次数:6*******************************
Sat, 10 Oct 2015 10:04:39 main.py[line:79] INFO Thread:(139641550247680) Time:Sat Oct 10 10:04:39 2015

Sat, 10 Oct 2015 10:04:39 main.py[line:53] INFO 发送数据: operationData=%5B%7B%27login%27%3A+%27admin%27%2C+%27password%27%3A+%27gunlei1234%27%7D%5D
Sat, 10 Oct 2015 10:04:39 main.py[line:54] INFO 返回码: 302
Sat, 10 Oct 2015 10:04:39 main.py[line:55] INFO 返回数据: 
Sat, 10 Oct 2015 10:04:39 main.py[line:77] INFO  
Sat, 10 Oct 2015 10:04:39 main.py[line:78] INFO ***************************请求次数:7*******************************
Sat, 10 Oct 2015 10:04:39 main.py[line:79] INFO Thread:(139641705035520) Time:Sat Oct 10 10:04:39 2015

Sat, 10 Oct 2015 10:04:39 main.py[line:53] INFO 发送数据: operationData=%5B%7B%27login%27%3A+%27admin%27%2C+%27password%27%3A+%27gunlei1234%27%7D%5D
Sat, 10 Oct 2015 10:04:39 main.py[line:54] INFO 返回码: 302
Sat, 10 Oct 2015 10:04:39 main.py[line:55] INFO 返回数据: 
Sat, 10 Oct 2015 10:04:39 main.py[line:77] INFO  
Sat, 10 Oct 2015 10:04:39 main.py[line:78] INFO ***************************请求次数:8*******************************
Sat, 10 Oct 2015 10:04:39 main.py[line:79] INFO Thread:(139641696642816) Time:Sat Oct 10 10:04:39 2015

Sat, 10 Oct 2015 10:04:39 main.py[line:53] INFO 发送数据: operationData=%5B%7B%27login%27%3A+%27admin%27%2C+%27password%27%3A+%27gunlei1234%27%7D%5D
Sat, 10 Oct 2015 10:04:39 main.py[line:54] INFO 返回码: 302
Sat, 10 Oct 2015 10:04:39 main.py[line:55] INFO 返回数据: 
Sat, 10 Oct 2015 10:04:39 main.py[line:77] INFO  
Sat, 10 Oct 2015 10:04:39 main.py[line:78] INFO ***************************请求次数:9*******************************
Sat, 10 Oct 2015 10:04:39 main.py[line:79] INFO Thread:(139641688250112) Time:Sat Oct 10 10:04:39 2015

Sat, 10 Oct 2015 10:04:39 main.py[line:53] INFO 发送数据: operationData=%5B%7B%27login%27%3A+%27admin%27%2C+%27password%27%3A+%27gunlei1234%27%7D%5D
Sat, 10 Oct 2015 10:04:39 main.py[line:54] INFO 返回码: 302
Sat, 10 Oct 2015 10:04:39 main.py[line:55] INFO 返回数据: 
Sat, 10 Oct 2015 10:04:39 main.py[line:77] INFO  
Sat, 10 Oct 2015 10:04:39 main.py[line:78] INFO ***************************请求次数:10*******************************
Sat, 10 Oct 2015 10:04:39 main.py[line:79] INFO Thread:(139641558640384) Time:Sat Oct 10 10:04:39 2015

Sat, 10 Oct 2015 10:04:39 main.py[line:53] INFO 发送数据: operationData=%5B%7B%27login%27%3A+%27admin%27%2C+%27password%27%3A+%27gunlei1234%27%7D%5D
Sat, 10 Oct 2015 10:04:39 main.py[line:54] INFO 返回码: 302
Sat, 10 Oct 2015 10:04:39 main.py[line:55] INFO 返回数据: 
Sat, 10 Oct 2015 10:04:39 main.py[line:77] INFO  
Sat, 10 Oct 2015 10:04:39 main.py[line:78] INFO ***************************请求次数:11*******************************
Sat, 10 Oct 2015 10:04:39 main.py[line:79] INFO Thread:(139641592211200) Time:Sat Oct 10 10:04:39 2015

Sat, 10 Oct 2015 10:04:39 main.py[line:53] INFO 发送数据: operationData=%5B%7B%27login%27%3A+%27admin%27%2C+%27password%27%3A+%27gunlei1234%27%7D%5D
Sat, 10 Oct 2015 10:04:39 main.py[line:54] INFO 返回码: 302
Sat, 10 Oct 2015 10:04:39 main.py[line:55] INFO 返回数据: 
Sat, 10 Oct 2015 10:04:39 main.py[line:77] INFO  
Sat, 10 Oct 2015 10:04:39 main.py[line:78] INFO ***************************请求次数:12*******************************
Sat, 10 Oct 2015 10:04:39 main.py[line:79] INFO Thread:(139641583818496) Time:Sat Oct 10 10:04:39 2015

Sat, 10 Oct 2015 10:04:39 main.py[line:53] INFO 发送数据: operationData=%5B%7B%27login%27%3A+%27admin%27%2C+%27password%27%3A+%27gunlei1234%27%7D%5D
Sat, 10 Oct 2015 10:04:39 main.py[line:54] INFO 返回码: 302
Sat, 10 Oct 2015 10:04:39 main.py[line:55] INFO 返回数据: 
Sat, 10 Oct 2015 10:04:39 main.py[line:77] INFO  
Sat, 10 Oct 2015 10:04:39 main.py[line:78] INFO ***************************请求次数:13*******************************
Sat, 10 Oct 2015 10:04:39 main.py[line:79] INFO Thread:(139641713428224) Time:Sat Oct 10 10:04:39 2015

Sat, 10 Oct 2015 10:04:39 main.py[line:53] INFO 发送数据: operationData=%5B%7B%27login%27%3A+%27admin%27%2C+%27password%27%3A+%27gunlei1234%27%7D%5D
Sat, 10 Oct 2015 10:04:39 main.py[line:54] INFO 返回码: 302
Sat, 10 Oct 2015 10:04:39 main.py[line:55] INFO 返回数据: 
Sat, 10 Oct 2015 10:04:39 main.py[line:77] INFO  
Sat, 10 Oct 2015 10:04:39 main.py[line:78] INFO ***************************请求次数:14*******************************
Sat, 10 Oct 2015 10:04:39 main.py[line:79] INFO Thread:(139641679857408) Time:Sat Oct 10 10:04:39 2015

Sat, 10 Oct 2015 10:04:39 main.py[line:53] INFO 发送数据: operationData=%5B%7B%27login%27%3A+%27admin%27%2C+%27password%27%3A+%27gunlei1234%27%7D%5D
Sat, 10 Oct 2015 10:04:39 main.py[line:54] INFO 返回码: 302
Sat, 10 Oct 2015 10:04:39 main.py[line:55] INFO 返回数据: 
Sat, 10 Oct 2015 10:04:49 main.py[line:77] INFO  
Sat, 10 Oct 2015 10:04:49 main.py[line:78] INFO ***************************请求次数:15*******************************
Sat, 10 Oct 2015 10:04:49 main.py[line:79] INFO Thread:(139641575425792) Time:Sat Oct 10 10:04:49 2015

Sat, 10 Oct 2015 10:04:49 main.py[line:53] INFO 发送数据: operationData=%5B%7B%27login%27%3A+%27admin%27%2C+%27password%27%3A+%27gunlei1234%27%7D%5D
Sat, 10 Oct 2015 10:04:49 main.py[line:54] INFO 返回码: 302
Sat, 10 Oct 2015 10:04:49 main.py[line:55] INFO 返回数据: 
Sat, 10 Oct 2015 10:04:49 main.py[line:77] INFO  
Sat, 10 Oct 2015 10:04:49 main.py[line:78] INFO ***************************请求次数:16*******************************
Sat, 10 Oct 2015 10:04:49 main.py[line:79] INFO Thread:(139641738606336) Time:Sat Oct 10 10:04:49 2015

Sat, 10 Oct 2015 10:04:49 main.py[line:53] INFO 发送数据: operationData=%5B%7B%27login%27%3A+%27admin%27%2C+%27password%27%3A+%27gunlei1234%27%7D%5D
Sat, 10 Oct 2015 10:04:49 main.py[line:54] INFO 返回码: 302
Sat, 10 Oct 2015 10:04:49 main.py[line:55] INFO 返回数据: 
Sat, 10 Oct 2015 10:04:49 main.py[line:77] INFO  
Sat, 10 Oct 2015 10:04:49 main.py[line:78] INFO ***************************请求次数:17*******************************
Sat, 10 Oct 2015 10:04:49 main.py[line:79] INFO Thread:(139641730213632) Time:Sat Oct 10 10:04:49 2015

Sat, 10 Oct 2015 10:04:49 main.py[line:53] INFO 发送数据: operationData=%5B%7B%27login%27%3A+%27admin%27%2C+%27password%27%3A+%27gunlei1234%27%7D%5D
Sat, 10 Oct 2015 10:04:49 main.py[line:54] INFO 返回码: 302
Sat, 10 Oct 2015 10:04:49 main.py[line:55] INFO 返回数据: 
Sat, 10 Oct 2015 10:04:49 main.py[line:77] INFO  
Sat, 10 Oct 2015 10:04:49 main.py[line:78] INFO ***************************请求次数:18*******************************
Sat, 10 Oct 2015 10:04:49 main.py[line:79] INFO Thread:(139641567033088) Time:Sat Oct 10 10:04:49 2015

Sat, 10 Oct 2015 10:04:49 main.py[line:53] INFO 发送数据: operationData=%5B%7B%27login%27%3A+%27admin%27%2C+%27password%27%3A+%27gunlei1234%27%7D%5D
Sat, 10 Oct 2015 10:04:49 main.py[line:54] INFO 返回码: 302
Sat, 10 Oct 2015 10:04:49 main.py[line:55] INFO 返回数据: 
Sat, 10 Oct 2015 10:04:49 main.py[line:77] INFO  
Sat, 10 Oct 2015 10:04:49 main.py[line:78] INFO ***************************请求次数:19*******************************
Sat, 10 Oct 2015 10:04:49 main.py[line:79] INFO Thread:(139641600603904) Time:Sat Oct 10 10:04:49 2015

Sat, 10 Oct 2015 10:04:49 main.py[line:53] INFO 发送数据: operationData=%5B%7B%27login%27%3A+%27admin%27%2C+%27password%27%3A+%27gunlei1234%27%7D%5D
Sat, 10 Oct 2015 10:04:49 main.py[line:54] INFO 返回码: 302
Sat, 10 Oct 2015 10:04:49 main.py[line:55] INFO 返回数据: 
Sat, 10 Oct 2015 10:04:49 main.py[line:77] INFO  
Sat, 10 Oct 2015 10:04:49 main.py[line:78] INFO ***************************请求次数:20*******************************
Sat, 10 Oct 2015 10:04:49 main.py[line:79] INFO Thread:(139641721820928) Time:Sat Oct 10 10:04:49 2015

Sat, 10 Oct 2015 10:04:49 main.py[line:53] INFO 发送数据: operationData=%5B%7B%27login%27%3A+%27admin%27%2C+%27password%27%3A+%27gunlei1234%27%7D%5D
Sat, 10 Oct 2015 10:04:49 main.py[line:54] INFO 返回码: 302
Sat, 10 Oct 2015 10:04:49 main.py[line:55] INFO 返回数据: 
Sat, 10 Oct 2015 10:04:49 main.py[line:77] INFO  
Sat, 10 Oct 2015 10:04:49 main.py[line:78] INFO ***************************请求次数:21*******************************
Sat, 10 Oct 2015 10:04:49 main.py[line:79] INFO Thread:(139641550247680) Time:Sat Oct 10 10:04:49 2015

Sat, 10 Oct 2015 10:04:49 main.py[line:53] INFO 发送数据: operationData=%5B%7B%27login%27%3A+%27admin%27%2C+%27password%27%3A+%27gunlei1234%27%7D%5D
Sat, 10 Oct 2015 10:04:49 main.py[line:54] INFO 返回码: 302
Sat, 10 Oct 2015 10:04:49 main.py[line:55] INFO 返回数据: 
Sat, 10 Oct 2015 10:04:49 main.py[line:77] INFO  
Sat, 10 Oct 2015 10:04:49 main.py[line:78] INFO ***************************请求次数:22*******************************
Sat, 10 Oct 2015 10:04:49 main.py[line:79] INFO Thread:(139641705035520) Time:Sat Oct 10 10:04:49 2015

Sat, 10 Oct 2015 10:04:49 main.py[line:53] INFO 发送数据: operationData=%5B%7B%27login%27%3A+%27admin%27%2C+%27password%27%3A+%27gunlei1234%27%7D%5D
Sat, 10 Oct 2015 10:04:49 main.py[line:54] INFO 返回码: 302
Sat, 10 Oct 2015 10:04:49 main.py[line:55] INFO 返回数据: 
Sat, 10 Oct 2015 10:04:49 main.py[line:77] INFO  
Sat, 10 Oct 2015 10:04:49 main.py[line:78] INFO ***************************请求次数:23*******************************
Sat, 10 Oct 2015 10:04:49 main.py[line:79] INFO Thread:(139641696642816) Time:Sat Oct 10 10:04:49 2015

Sat, 10 Oct 2015 10:04:49 main.py[line:53] INFO 发送数据: operationData=%5B%7B%27login%27%3A+%27admin%27%2C+%27password%27%3A+%27gunlei1234%27%7D%5D
Sat, 10 Oct 2015 10:04:49 main.py[line:54] INFO 返回码: 302
Sat, 10 Oct 2015 10:04:49 main.py[line:55] INFO 返回数据: 
Sat, 10 Oct 2015 10:04:49 main.py[line:77] INFO  
Sat, 10 Oct 2015 10:04:49 main.py[line:78] INFO ***************************请求次数:24*******************************
Sat, 10 Oct 2015 10:04:49 main.py[line:79] INFO Thread:(139641688250112) Time:Sat Oct 10 10:04:49 2015

Sat, 10 Oct 2015 10:04:49 main.py[line:53] INFO 发送数据: operationData=%5B%7B%27login%27%3A+%27admin%27%2C+%27password%27%3A+%27gunlei1234%27%7D%5D
Sat, 10 Oct 2015 10:04:49 main.py[line:54] INFO 返回码: 302
Sat, 10 Oct 2015 10:04:49 main.py[line:55] INFO 返回数据: 
Sat, 10 Oct 2015 10:04:49 main.py[line:77] INFO  
Sat, 10 Oct 2015 10:04:49 main.py[line:78] INFO ***************************请求次数:25*******************************
Sat, 10 Oct 2015 10:04:49 main.py[line:79] INFO Thread:(139641558640384) Time:Sat Oct 10 10:04:49 2015

Sat, 10 Oct 2015 10:04:49 main.py[line:53] INFO 发送数据: operationData=%5B%7B%27login%27%3A+%27admin%27%2C+%27password%27%3A+%27gunlei1234%27%7D%5D
Sat, 10 Oct 2015 10:04:49 main.py[line:54] INFO 返回码: 302
Sat, 10 Oct 2015 10:04:49 main.py[line:55] INFO 返回数据: 
Sat, 10 Oct 2015 10:04:49 main.py[line:77] INFO  
Sat, 10 Oct 2015 10:04:49 main.py[line:78] INFO ***************************请求次数:26*******************************
Sat, 10 Oct 2015 10:04:49 main.py[line:79] INFO Thread:(139641592211200) Time:Sat Oct 10 10:04:49 2015

Sat, 10 Oct 2015 10:04:49 main.py[line:53] INFO 发送数据: operationData=%5B%7B%27login%27%3A+%27admin%27%2C+%27password%27%3A+%27gunlei1234%27%7D%5D
Sat, 10 Oct 2015 10:04:49 main.py[line:54] INFO 返回码: 302
Sat, 10 Oct 2015 10:04:49 main.py[line:55] INFO 返回数据: 
Sat, 10 Oct 2015 10:04:49 main.py[line:77] INFO  
Sat, 10 Oct 2015 10:04:49 main.py[line:78] INFO ***************************请求次数:27*******************************
Sat, 10 Oct 2015 10:04:49 main.py[line:79] INFO Thread:(139641583818496) Time:Sat Oct 10 10:04:49 2015

Sat, 10 Oct 2015 10:04:49 main.py[line:53] INFO 发送数据: operationData=%5B%7B%27login%27%3A+%27admin%27%2C+%27password%27%3A+%27gunlei1234%27%7D%5D
Sat, 10 Oct 2015 10:04:49 main.py[line:54] INFO 返回码: 302
Sat, 10 Oct 2015 10:04:49 main.py[line:55] INFO 返回数据: 
Sat, 10 Oct 2015 10:04:49 main.py[line:77] INFO  
Sat, 10 Oct 2015 10:04:49 main.py[line:78] INFO ***************************请求次数:28*******************************
Sat, 10 Oct 2015 10:04:49 main.py[line:79] INFO Thread:(139641713428224) Time:Sat Oct 10 10:04:49 2015

Sat, 10 Oct 2015 10:04:49 main.py[line:53] INFO 发送数据: operationData=%5B%7B%27login%27%3A+%27admin%27%2C+%27password%27%3A+%27gunlei1234%27%7D%5D
Sat, 10 Oct 2015 10:04:49 main.py[line:54] INFO 返回码: 302
Sat, 10 Oct 2015 10:04:49 main.py[line:55] INFO 返回数据: 
Sat, 10 Oct 2015 10:04:49 main.py[line:77] INFO  
Sat, 10 Oct 2015 10:04:49 main.py[line:78] INFO ***************************请求次数:29*******************************
Sat, 10 Oct 2015 10:04:49 main.py[line:79] INFO Thread:(139641679857408) Time:Sat Oct 10 10:04:49 2015

Sat, 10 Oct 2015 10:04:50 main.py[line:53] INFO 发送数据: operationData=%5B%7B%27login%27%3A+%27admin%27%2C+%27password%27%3A+%27gunlei1234%27%7D%5D
Sat, 10 Oct 2015 10:04:50 main.py[line:54] INFO 返回码: 302
Sat, 10 Oct 2015 10:04:50 main.py[line:55] INFO 返回数据: 
Sat, 10 Oct 2015 10:04:59 main.py[line:77] INFO  
Sat, 10 Oct 2015 10:04:59 main.py[line:78] INFO ***************************请求次数:30*******************************
Sat, 10 Oct 2015 10:04:59 main.py[line:79] INFO Thread:(139641575425792) Time:Sat Oct 10 10:04:59 2015

Sat, 10 Oct 2015 10:04:59 main.py[line:53] INFO 发送数据: operationData=%5B%7B%27login%27%3A+%27admin%27%2C+%27password%27%3A+%27gunlei1234%27%7D%5D
Sat, 10 Oct 2015 10:04:59 main.py[line:54] INFO 返回码: 302
Sat, 10 Oct 2015 10:04:59 main.py[line:55] INFO 返回数据: 
Sat, 10 Oct 2015 10:04:59 main.py[line:77] INFO  
Sat, 10 Oct 2015 10:04:59 main.py[line:78] INFO ***************************请求次数:31*******************************
Sat, 10 Oct 2015 10:04:59 main.py[line:79] INFO Thread:(139641738606336) Time:Sat Oct 10 10:04:59 2015

Sat, 10 Oct 2015 10:04:59 main.py[line:53] INFO 发送数据: operationData=%5B%7B%27login%27%3A+%27admin%27%2C+%27password%27%3A+%27gunlei1234%27%7D%5D
Sat, 10 Oct 2015 10:04:59 main.py[line:54] INFO 返回码: 302
Sat, 10 Oct 2015 10:04:59 main.py[line:55] INFO 返回数据: 
Sat, 10 Oct 2015 10:04:59 main.py[line:77] INFO  
Sat, 10 Oct 2015 10:04:59 main.py[line:78] INFO ***************************请求次数:32*******************************
Sat, 10 Oct 2015 10:04:59 main.py[line:79] INFO Thread:(139641730213632) Time:Sat Oct 10 10:04:59 2015

Sat, 10 Oct 2015 10:04:59 main.py[line:53] INFO 发送数据: operationData=%5B%7B%27login%27%3A+%27admin%27%2C+%27password%27%3A+%27gunlei1234%27%7D%5D
Sat, 10 Oct 2015 10:04:59 main.py[line:54] INFO 返回码: 302
Sat, 10 Oct 2015 10:04:59 main.py[line:55] INFO 返回数据: 
Sat, 10 Oct 2015 10:04:59 main.py[line:77] INFO  
Sat, 10 Oct 2015 10:04:59 main.py[line:78] INFO ***************************请求次数:33*******************************
Sat, 10 Oct 2015 10:04:59 main.py[line:79] INFO Thread:(139641567033088) Time:Sat Oct 10 10:04:59 2015

Sat, 10 Oct 2015 10:04:59 main.py[line:53] INFO 发送数据: operationData=%5B%7B%27login%27%3A+%27admin%27%2C+%27password%27%3A+%27gunlei1234%27%7D%5D
Sat, 10 Oct 2015 10:04:59 main.py[line:54] INFO 返回码: 302
Sat, 10 Oct 2015 10:04:59 main.py[line:55] INFO 返回数据: 
Sat, 10 Oct 2015 10:04:59 main.py[line:77] INFO  
Sat, 10 Oct 2015 10:04:59 main.py[line:78] INFO ***************************请求次数:34*******************************
Sat, 10 Oct 2015 10:04:59 main.py[line:79] INFO Thread:(139641600603904) Time:Sat Oct 10 10:04:59 2015

Sat, 10 Oct 2015 10:04:59 main.py[line:53] INFO 发送数据: operationData=%5B%7B%27login%27%3A+%27admin%27%2C+%27password%27%3A+%27gunlei1234%27%7D%5D
Sat, 10 Oct 2015 10:04:59 main.py[line:54] INFO 返回码: 302
Sat, 10 Oct 2015 10:04:59 main.py[line:55] INFO 返回数据: 
Sat, 10 Oct 2015 10:04:59 main.py[line:77] INFO  
Sat, 10 Oct 2015 10:04:59 main.py[line:78] INFO ***************************请求次数:35*******************************
Sat, 10 Oct 2015 10:04:59 main.py[line:79] INFO Thread:(139641721820928) Time:Sat Oct 10 10:04:59 2015

Sat, 10 Oct 2015 10:04:59 main.py[line:53] INFO 发送数据: operationData=%5B%7B%27login%27%3A+%27admin%27%2C+%27password%27%3A+%27gunlei1234%27%7D%5D
Sat, 10 Oct 2015 10:04:59 main.py[line:54] INFO 返回码: 302
Sat, 10 Oct 2015 10:04:59 main.py[line:55] INFO 返回数据: 
Sat, 10 Oct 2015 10:04:59 main.py[line:77] INFO  
Sat, 10 Oct 2015 10:04:59 main.py[line:78] INFO ***************************请求次数:36*******************************
Sat, 10 Oct 2015 10:04:59 main.py[line:79] INFO Thread:(139641550247680) Time:Sat Oct 10 10:04:59 2015

Sat, 10 Oct 2015 10:04:59 main.py[line:53] INFO 发送数据: operationData=%5B%7B%27login%27%3A+%27admin%27%2C+%27password%27%3A+%27gunlei1234%27%7D%5D
Sat, 10 Oct 2015 10:04:59 main.py[line:54] INFO 返回码: 302
Sat, 10 Oct 2015 10:04:59 main.py[line:55] INFO 返回数据: 
Sat, 10 Oct 2015 10:04:59 main.py[line:77] INFO  
Sat, 10 Oct 2015 10:04:59 main.py[line:78] INFO ***************************请求次数:37*******************************
Sat, 10 Oct 2015 10:04:59 main.py[line:79] INFO Thread:(139641705035520) Time:Sat Oct 10 10:04:59 2015

Sat, 10 Oct 2015 10:04:59 main.py[line:53] INFO 发送数据: operationData=%5B%7B%27login%27%3A+%27admin%27%2C+%27password%27%3A+%27gunlei1234%27%7D%5D
Sat, 10 Oct 2015 10:04:59 main.py[line:54] INFO 返回码: 302
Sat, 10 Oct 2015 10:04:59 main.py[line:55] INFO 返回数据: 
Sat, 10 Oct 2015 10:04:59 main.py[line:77] INFO  
Sat, 10 Oct 2015 10:04:59 main.py[line:78] INFO ***************************请求次数:38*******************************
Sat, 10 Oct 2015 10:04:59 main.py[line:79] INFO Thread:(139641696642816) Time:Sat Oct 10 10:04:59 2015

Sat, 10 Oct 2015 10:04:59 main.py[line:53] INFO 发送数据: operationData=%5B%7B%27login%27%3A+%27admin%27%2C+%27password%27%3A+%27gunlei1234%27%7D%5D
Sat, 10 Oct 2015 10:04:59 main.py[line:54] INFO 返回码: 302
Sat, 10 Oct 2015 10:04:59 main.py[line:55] INFO 返回数据: 
Sat, 10 Oct 2015 10:04:59 main.py[line:77] INFO  
Sat, 10 Oct 2015 10:04:59 main.py[line:78] INFO ***************************请求次数:39*******************************
Sat, 10 Oct 2015 10:04:59 main.py[line:79] INFO Thread:(139641688250112) Time:Sat Oct 10 10:04:59 2015

Sat, 10 Oct 2015 10:04:59 main.py[line:53] INFO 发送数据: operationData=%5B%7B%27login%27%3A+%27admin%27%2C+%27password%27%3A+%27gunlei1234%27%7D%5D
Sat, 10 Oct 2015 10:04:59 main.py[line:54] INFO 返回码: 302
Sat, 10 Oct 2015 10:04:59 main.py[line:55] INFO 返回数据: 
Sat, 10 Oct 2015 10:04:59 main.py[line:77] INFO  
Sat, 10 Oct 2015 10:04:59 main.py[line:78] INFO ***************************请求次数:40*******************************
Sat, 10 Oct 2015 10:04:59 main.py[line:79] INFO Thread:(139641558640384) Time:Sat Oct 10 10:04:59 2015

Sat, 10 Oct 2015 10:04:59 main.py[line:53] INFO 发送数据: operationData=%5B%7B%27login%27%3A+%27admin%27%2C+%27password%27%3A+%27gunlei1234%27%7D%5D
Sat, 10 Oct 2015 10:04:59 main.py[line:54] INFO 返回码: 302
Sat, 10 Oct 2015 10:04:59 main.py[line:55] INFO 返回数据: 
Sat, 10 Oct 2015 10:04:59 main.py[line:77] INFO  
Sat, 10 Oct 2015 10:04:59 main.py[line:78] INFO ***************************请求次数:41*******************************
Sat, 10 Oct 2015 10:04:59 main.py[line:79] INFO Thread:(139641592211200) Time:Sat Oct 10 10:04:59 2015

Sat, 10 Oct 2015 10:04:59 main.py[line:53] INFO 发送数据: operationData=%5B%7B%27login%27%3A+%27admin%27%2C+%27password%27%3A+%27gunlei1234%27%7D%5D
Sat, 10 Oct 2015 10:04:59 main.py[line:54] INFO 返回码: 302
Sat, 10 Oct 2015 10:04:59 main.py[line:55] INFO 返回数据: 
Sat, 10 Oct 2015 10:04:59 main.py[line:77] INFO  
Sat, 10 Oct 2015 10:04:59 main.py[line:78] INFO ***************************请求次数:42*******************************
Sat, 10 Oct 2015 10:04:59 main.py[line:79] INFO Thread:(139641583818496) Time:Sat Oct 10 10:04:59 2015

Sat, 10 Oct 2015 10:04:59 main.py[line:53] INFO 发送数据: operationData=%5B%7B%27login%27%3A+%27admin%27%2C+%27password%27%3A+%27gunlei1234%27%7D%5D
Sat, 10 Oct 2015 10:04:59 main.py[line:54] INFO 返回码: 302
Sat, 10 Oct 2015 10:04:59 main.py[line:55] INFO 返回数据: 
Sat, 10 Oct 2015 10:04:59 main.py[line:77] INFO  
Sat, 10 Oct 2015 10:04:59 main.py[line:78] INFO ***************************请求次数:43*******************************
Sat, 10 Oct 2015 10:04:59 main.py[line:79] INFO Thread:(139641713428224) Time:Sat Oct 10 10:04:59 2015

Sat, 10 Oct 2015 10:05:00 main.py[line:53] INFO 发送数据: operationData=%5B%7B%27login%27%3A+%27admin%27%2C+%27password%27%3A+%27gunlei1234%27%7D%5D
Sat, 10 Oct 2015 10:05:00 main.py[line:54] INFO 返回码: 302
Sat, 10 Oct 2015 10:05:00 main.py[line:55] INFO 返回数据: 
Sat, 10 Oct 2015 10:05:00 main.py[line:77] INFO  
Sat, 10 Oct 2015 10:05:00 main.py[line:78] INFO ***************************请求次数:44*******************************
Sat, 10 Oct 2015 10:05:00 main.py[line:79] INFO Thread:(139641679857408) Time:Sat Oct 10 10:05:00 2015

Sat, 10 Oct 2015 10:05:00 main.py[line:53] INFO 发送数据: operationData=%5B%7B%27login%27%3A+%27admin%27%2C+%27password%27%3A+%27gunlei1234%27%7D%5D
Sat, 10 Oct 2015 10:05:00 main.py[line:54] INFO 返回码: 302
Sat, 10 Oct 2015 10:05:00 main.py[line:55] INFO 返回数据: 
Sat, 10 Oct 2015 10:05:09 main.py[line:77] INFO  
Sat, 10 Oct 2015 10:05:09 main.py[line:78] INFO ***************************请求次数:45*******************************
Sat, 10 Oct 2015 10:05:09 main.py[line:79] INFO Thread:(139641575425792) Time:Sat Oct 10 10:05:09 2015

Sat, 10 Oct 2015 10:05:09 main.py[line:53] INFO 发送数据: operationData=%5B%7B%27login%27%3A+%27admin%27%2C+%27password%27%3A+%27gunlei1234%27%7D%5D
Sat, 10 Oct 2015 10:05:09 main.py[line:54] INFO 返回码: 302
Sat, 10 Oct 2015 10:05:09 main.py[line:55] INFO 返回数据: 
Sat, 10 Oct 2015 10:05:09 main.py[line:77] INFO  
Sat, 10 Oct 2015 10:05:09 main.py[line:78] INFO ***************************请求次数:46*******************************
Sat, 10 Oct 2015 10:05:09 main.py[line:79] INFO Thread:(139641738606336) Time:Sat Oct 10 10:05:09 2015

Sat, 10 Oct 2015 10:05:09 main.py[line:53] INFO 发送数据: operationData=%5B%7B%27login%27%3A+%27admin%27%2C+%27password%27%3A+%27gunlei1234%27%7D%5D
Sat, 10 Oct 2015 10:05:09 main.py[line:54] INFO 返回码: 302
Sat, 10 Oct 2015 10:05:09 main.py[line:55] INFO 返回数据: 
Sat, 10 Oct 2015 10:05:09 main.py[line:77] INFO  
Sat, 10 Oct 2015 10:05:09 main.py[line:78] INFO ***************************请求次数:47*******************************
Sat, 10 Oct 2015 10:05:09 main.py[line:79] INFO Thread:(139641730213632) Time:Sat Oct 10 10:05:09 2015

Sat, 10 Oct 2015 10:05:09 main.py[line:53] INFO 发送数据: operationData=%5B%7B%27login%27%3A+%27admin%27%2C+%27password%27%3A+%27gunlei1234%27%7D%5D
Sat, 10 Oct 2015 10:05:09 main.py[line:54] INFO 返回码: 302
Sat, 10 Oct 2015 10:05:09 main.py[line:55] INFO 返回数据: 
Sat, 10 Oct 2015 10:05:09 main.py[line:77] INFO  
Sat, 10 Oct 2015 10:05:09 main.py[line:78] INFO ***************************请求次数:48*******************************
Sat, 10 Oct 2015 10:05:09 main.py[line:79] INFO Thread:(139641567033088) Time:Sat Oct 10 10:05:09 2015

Sat, 10 Oct 2015 10:05:09 main.py[line:53] INFO 发送数据: operationData=%5B%7B%27login%27%3A+%27admin%27%2C+%27password%27%3A+%27gunlei1234%27%7D%5D
Sat, 10 Oct 2015 10:05:09 main.py[line:54] INFO 返回码: 302
Sat, 10 Oct 2015 10:05:09 main.py[line:55] INFO 返回数据: 
Sat, 10 Oct 2015 10:05:09 main.py[line:77] INFO  
Sat, 10 Oct 2015 10:05:09 main.py[line:78] INFO ***************************请求次数:49*******************************
Sat, 10 Oct 2015 10:05:09 main.py[line:79] INFO Thread:(139641600603904) Time:Sat Oct 10 10:05:09 2015

Sat, 10 Oct 2015 10:05:09 main.py[line:53] INFO 发送数据: operationData=%5B%7B%27login%27%3A+%27admin%27%2C+%27password%27%3A+%27gunlei1234%27%7D%5D
Sat, 10 Oct 2015 10:05:09 main.py[line:54] INFO 返回码: 302
Sat, 10 Oct 2015 10:05:09 main.py[line:55] INFO 返回数据: 
Sat, 10 Oct 2015 10:05:09 main.py[line:77] INFO  
Sat, 10 Oct 2015 10:05:09 main.py[line:78] INFO ***************************请求次数:50*******************************
Sat, 10 Oct 2015 10:05:09 main.py[line:79] INFO Thread:(139641721820928) Time:Sat Oct 10 10:05:09 2015

Sat, 10 Oct 2015 10:05:09 main.py[line:53] INFO 发送数据: operationData=%5B%7B%27login%27%3A+%27admin%27%2C+%27password%27%3A+%27gunlei1234%27%7D%5D
Sat, 10 Oct 2015 10:05:09 main.py[line:54] INFO 返回码: 302
Sat, 10 Oct 2015 10:05:09 main.py[line:55] INFO 返回数据: 
Sat, 10 Oct 2015 10:05:09 main.py[line:77] INFO  
Sat, 10 Oct 2015 10:05:09 main.py[line:78] INFO ***************************请求次数:51*******************************
Sat, 10 Oct 2015 10:05:09 main.py[line:79] INFO Thread:(139641550247680) Time:Sat Oct 10 10:05:09 2015

Sat, 10 Oct 2015 10:05:09 main.py[line:53] INFO 发送数据: operationData=%5B%7B%27login%27%3A+%27admin%27%2C+%27password%27%3A+%27gunlei1234%27%7D%5D
Sat, 10 Oct 2015 10:05:09 main.py[line:54] INFO 返回码: 302
Sat, 10 Oct 2015 10:05:09 main.py[line:55] INFO 返回数据: 
Sat, 10 Oct 2015 10:05:09 main.py[line:77] INFO  
Sat, 10 Oct 2015 10:05:09 main.py[line:78] INFO ***************************请求次数:52*******************************
Sat, 10 Oct 2015 10:05:09 main.py[line:79] INFO Thread:(139641705035520) Time:Sat Oct 10 10:05:09 2015

Sat, 10 Oct 2015 10:05:09 main.py[line:53] INFO 发送数据: operationData=%5B%7B%27login%27%3A+%27admin%27%2C+%27password%27%3A+%27gunlei1234%27%7D%5D
Sat, 10 Oct 2015 10:05:09 main.py[line:54] INFO 返回码: 302
Sat, 10 Oct 2015 10:05:09 main.py[line:55] INFO 返回数据: 
Sat, 10 Oct 2015 10:05:09 main.py[line:77] INFO  
Sat, 10 Oct 2015 10:05:09 main.py[line:78] INFO ***************************请求次数:53*******************************
Sat, 10 Oct 2015 10:05:09 main.py[line:79] INFO Thread:(139641696642816) Time:Sat Oct 10 10:05:09 2015

Sat, 10 Oct 2015 10:05:09 main.py[line:53] INFO 发送数据: operationData=%5B%7B%27login%27%3A+%27admin%27%2C+%27password%27%3A+%27gunlei1234%27%7D%5D
Sat, 10 Oct 2015 10:05:09 main.py[line:54] INFO 返回码: 302
Sat, 10 Oct 2015 10:05:09 main.py[line:55] INFO 返回数据: 
Sat, 10 Oct 2015 10:05:09 main.py[line:77] INFO  
Sat, 10 Oct 2015 10:05:09 main.py[line:78] INFO ***************************请求次数:54*******************************
Sat, 10 Oct 2015 10:05:09 main.py[line:79] INFO Thread:(139641688250112) Time:Sat Oct 10 10:05:09 2015

Sat, 10 Oct 2015 10:05:09 main.py[line:53] INFO 发送数据: operationData=%5B%7B%27login%27%3A+%27admin%27%2C+%27password%27%3A+%27gunlei1234%27%7D%5D
Sat, 10 Oct 2015 10:05:09 main.py[line:54] INFO 返回码: 302
Sat, 10 Oct 2015 10:05:09 main.py[line:55] INFO 返回数据: 
Sat, 10 Oct 2015 10:05:09 main.py[line:77] INFO  
Sat, 10 Oct 2015 10:05:09 main.py[line:78] INFO ***************************请求次数:55*******************************
Sat, 10 Oct 2015 10:05:09 main.py[line:79] INFO Thread:(139641558640384) Time:Sat Oct 10 10:05:09 2015

Sat, 10 Oct 2015 10:05:09 main.py[line:53] INFO 发送数据: operationData=%5B%7B%27login%27%3A+%27admin%27%2C+%27password%27%3A+%27gunlei1234%27%7D%5D
Sat, 10 Oct 2015 10:05:09 main.py[line:54] INFO 返回码: 302
Sat, 10 Oct 2015 10:05:09 main.py[line:55] INFO 返回数据: 
Sat, 10 Oct 2015 10:05:09 main.py[line:77] INFO  
Sat, 10 Oct 2015 10:05:09 main.py[line:78] INFO ***************************请求次数:56*******************************
Sat, 10 Oct 2015 10:05:09 main.py[line:79] INFO Thread:(139641592211200) Time:Sat Oct 10 10:05:09 2015

Sat, 10 Oct 2015 10:05:09 main.py[line:53] INFO 发送数据: operationData=%5B%7B%27login%27%3A+%27admin%27%2C+%27password%27%3A+%27gunlei1234%27%7D%5D
Sat, 10 Oct 2015 10:05:09 main.py[line:54] INFO 返回码: 302
Sat, 10 Oct 2015 10:05:09 main.py[line:55] INFO 返回数据: 
Sat, 10 Oct 2015 10:05:10 main.py[line:77] INFO  
Sat, 10 Oct 2015 10:05:10 main.py[line:78] INFO ***************************请求次数:57*******************************
Sat, 10 Oct 2015 10:05:10 main.py[line:79] INFO Thread:(139641583818496) Time:Sat Oct 10 10:05:09 2015

Sat, 10 Oct 2015 10:05:10 main.py[line:53] INFO 发送数据: operationData=%5B%7B%27login%27%3A+%27admin%27%2C+%27password%27%3A+%27gunlei1234%27%7D%5D
Sat, 10 Oct 2015 10:05:10 main.py[line:54] INFO 返回码: 302
Sat, 10 Oct 2015 10:05:10 main.py[line:55] INFO 返回数据: 
Sat, 10 Oct 2015 10:05:10 main.py[line:77] INFO  
Sat, 10 Oct 2015 10:05:10 main.py[line:78] INFO ***************************请求次数:58*******************************
Sat, 10 Oct 2015 10:05:10 main.py[line:79] INFO Thread:(139641713428224) Time:Sat Oct 10 10:05:10 2015

Sat, 10 Oct 2015 10:05:10 main.py[line:53] INFO 发送数据: operationData=%5B%7B%27login%27%3A+%27admin%27%2C+%27password%27%3A+%27gunlei1234%27%7D%5D
Sat, 10 Oct 2015 10:05:10 main.py[line:54] INFO 返回码: 302
Sat, 10 Oct 2015 10:05:10 main.py[line:55] INFO 返回数据: 
Sat, 10 Oct 2015 10:05:10 main.py[line:77] INFO  
Sat, 10 Oct 2015 10:05:10 main.py[line:78] INFO ***************************请求次数:59*******************************
Sat, 10 Oct 2015 10:05:10 main.py[line:79] INFO Thread:(139641679857408) Time:Sat Oct 10 10:05:10 2015

Sat, 10 Oct 2015 10:05:10 main.py[line:53] INFO 发送数据: operationData=%5B%7B%27login%27%3A+%27admin%27%2C+%27password%27%3A+%27gunlei1234%27%7D%5D
Sat, 10 Oct 2015 10:05:10 main.py[line:54] INFO 返回码: 302
Sat, 10 Oct 2015 10:05:10 main.py[line:55] INFO 返回数据: 
Sat, 10 Oct 2015 10:05:19 main.py[line:77] INFO  
Sat, 10 Oct 2015 10:05:19 main.py[line:78] INFO ***************************请求次数:60*******************************
Sat, 10 Oct 2015 10:05:19 main.py[line:79] INFO Thread:(139641575425792) Time:Sat Oct 10 10:05:19 2015

Sat, 10 Oct 2015 10:05:19 main.py[line:53] INFO 发送数据: operationData=%5B%7B%27login%27%3A+%27admin%27%2C+%27password%27%3A+%27gunlei1234%27%7D%5D
Sat, 10 Oct 2015 10:05:19 main.py[line:54] INFO 返回码: 302
Sat, 10 Oct 2015 10:05:19 main.py[line:55] INFO 返回数据: 
Sat, 10 Oct 2015 10:05:19 main.py[line:77] INFO  
Sat, 10 Oct 2015 10:05:19 main.py[line:78] INFO ***************************请求次数:61*******************************
Sat, 10 Oct 2015 10:05:19 main.py[line:79] INFO Thread:(139641738606336) Time:Sat Oct 10 10:05:19 2015

Sat, 10 Oct 2015 10:05:19 main.py[line:53] INFO 发送数据: operationData=%5B%7B%27login%27%3A+%27admin%27%2C+%27password%27%3A+%27gunlei1234%27%7D%5D
Sat, 10 Oct 2015 10:05:19 main.py[line:54] INFO 返回码: 302
Sat, 10 Oct 2015 10:05:19 main.py[line:55] INFO 返回数据: 
Sat, 10 Oct 2015 10:05:19 main.py[line:77] INFO  
Sat, 10 Oct 2015 10:05:19 main.py[line:78] INFO ***************************请求次数:62*******************************
Sat, 10 Oct 2015 10:05:19 main.py[line:79] INFO Thread:(139641730213632) Time:Sat Oct 10 10:05:19 2015

Sat, 10 Oct 2015 10:05:19 main.py[line:53] INFO 发送数据: operationData=%5B%7B%27login%27%3A+%27admin%27%2C+%27password%27%3A+%27gunlei1234%27%7D%5D
Sat, 10 Oct 2015 10:05:19 main.py[line:54] INFO 返回码: 302
Sat, 10 Oct 2015 10:05:19 main.py[line:55] INFO 返回数据: 
Sat, 10 Oct 2015 10:05:19 main.py[line:77] INFO  
Sat, 10 Oct 2015 10:05:19 main.py[line:78] INFO ***************************请求次数:63*******************************
Sat, 10 Oct 2015 10:05:19 main.py[line:79] INFO Thread:(139641567033088) Time:Sat Oct 10 10:05:19 2015

Sat, 10 Oct 2015 10:05:19 main.py[line:53] INFO 发送数据: operationData=%5B%7B%27login%27%3A+%27admin%27%2C+%27password%27%3A+%27gunlei1234%27%7D%5D
Sat, 10 Oct 2015 10:05:19 main.py[line:54] INFO 返回码: 302
Sat, 10 Oct 2015 10:05:19 main.py[line:55] INFO 返回数据: 
Sat, 10 Oct 2015 10:05:19 main.py[line:77] INFO  
Sat, 10 Oct 2015 10:05:19 main.py[line:78] INFO ***************************请求次数:64*******************************
Sat, 10 Oct 2015 10:05:19 main.py[line:79] INFO Thread:(139641600603904) Time:Sat Oct 10 10:05:19 2015

Sat, 10 Oct 2015 10:05:19 main.py[line:53] INFO 发送数据: operationData=%5B%7B%27login%27%3A+%27admin%27%2C+%27password%27%3A+%27gunlei1234%27%7D%5D
Sat, 10 Oct 2015 10:05:19 main.py[line:54] INFO 返回码: 302
Sat, 10 Oct 2015 10:05:19 main.py[line:55] INFO 返回数据: 
Sat, 10 Oct 2015 10:05:19 main.py[line:77] INFO  
Sat, 10 Oct 2015 10:05:19 main.py[line:78] INFO ***************************请求次数:65*******************************
Sat, 10 Oct 2015 10:05:19 main.py[line:79] INFO Thread:(139641721820928) Time:Sat Oct 10 10:05:19 2015

Sat, 10 Oct 2015 10:05:19 main.py[line:53] INFO 发送数据: operationData=%5B%7B%27login%27%3A+%27admin%27%2C+%27password%27%3A+%27gunlei1234%27%7D%5D
Sat, 10 Oct 2015 10:05:19 main.py[line:54] INFO 返回码: 302
Sat, 10 Oct 2015 10:05:19 main.py[line:55] INFO 返回数据: 
Sat, 10 Oct 2015 10:05:19 main.py[line:77] INFO  
Sat, 10 Oct 2015 10:05:19 main.py[line:78] INFO ***************************请求次数:66*******************************
Sat, 10 Oct 2015 10:05:19 main.py[line:79] INFO Thread:(139641550247680) Time:Sat Oct 10 10:05:19 2015

Sat, 10 Oct 2015 10:05:19 main.py[line:53] INFO 发送数据: operationData=%5B%7B%27login%27%3A+%27admin%27%2C+%27password%27%3A+%27gunlei1234%27%7D%5D
Sat, 10 Oct 2015 10:05:19 main.py[line:54] INFO 返回码: 302
Sat, 10 Oct 2015 10:05:19 main.py[line:55] INFO 返回数据: 
Sat, 10 Oct 2015 10:05:19 main.py[line:77] INFO  
Sat, 10 Oct 2015 10:05:19 main.py[line:78] INFO ***************************请求次数:67*******************************
Sat, 10 Oct 2015 10:05:19 main.py[line:79] INFO Thread:(139641705035520) Time:Sat Oct 10 10:05:19 2015

Sat, 10 Oct 2015 10:05:19 main.py[line:53] INFO 发送数据: operationData=%5B%7B%27login%27%3A+%27admin%27%2C+%27password%27%3A+%27gunlei1234%27%7D%5D
Sat, 10 Oct 2015 10:05:19 main.py[line:54] INFO 返回码: 302
Sat, 10 Oct 2015 10:05:19 main.py[line:55] INFO 返回数据: 
Sat, 10 Oct 2015 10:05:19 main.py[line:77] INFO  
Sat, 10 Oct 2015 10:05:19 main.py[line:78] INFO ***************************请求次数:68*******************************
Sat, 10 Oct 2015 10:05:19 main.py[line:79] INFO Thread:(139641696642816) Time:Sat Oct 10 10:05:19 2015

Sat, 10 Oct 2015 10:05:19 main.py[line:53] INFO 发送数据: operationData=%5B%7B%27login%27%3A+%27admin%27%2C+%27password%27%3A+%27gunlei1234%27%7D%5D
Sat, 10 Oct 2015 10:05:19 main.py[line:54] INFO 返回码: 302
Sat, 10 Oct 2015 10:05:19 main.py[line:55] INFO 返回数据: 
Sat, 10 Oct 2015 10:05:19 main.py[line:77] INFO  
Sat, 10 Oct 2015 10:05:19 main.py[line:78] INFO ***************************请求次数:69*******************************
Sat, 10 Oct 2015 10:05:19 main.py[line:79] INFO Thread:(139641688250112) Time:Sat Oct 10 10:05:19 2015

Sat, 10 Oct 2015 10:05:19 main.py[line:53] INFO 发送数据: operationData=%5B%7B%27login%27%3A+%27admin%27%2C+%27password%27%3A+%27gunlei1234%27%7D%5D
Sat, 10 Oct 2015 10:05:19 main.py[line:54] INFO 返回码: 302
Sat, 10 Oct 2015 10:05:19 main.py[line:55] INFO 返回数据: 
Sat, 10 Oct 2015 10:05:19 main.py[line:77] INFO  
Sat, 10 Oct 2015 10:05:19 main.py[line:78] INFO ***************************请求次数:70*******************************
Sat, 10 Oct 2015 10:05:19 main.py[line:79] INFO Thread:(139641558640384) Time:Sat Oct 10 10:05:19 2015

Sat, 10 Oct 2015 10:05:19 main.py[line:53] INFO 发送数据: operationData=%5B%7B%27login%27%3A+%27admin%27%2C+%27password%27%3A+%27gunlei1234%27%7D%5D
Sat, 10 Oct 2015 10:05:19 main.py[line:54] INFO 返回码: 302
Sat, 10 Oct 2015 10:05:19 main.py[line:55] INFO 返回数据: 
Sat, 10 Oct 2015 10:05:19 main.py[line:77] INFO  
Sat, 10 Oct 2015 10:05:19 main.py[line:78] INFO ***************************请求次数:71*******************************
Sat, 10 Oct 2015 10:05:19 main.py[line:79] INFO Thread:(139641592211200) Time:Sat Oct 10 10:05:19 2015

Sat, 10 Oct 2015 10:05:20 main.py[line:53] INFO 发送数据: operationData=%5B%7B%27login%27%3A+%27admin%27%2C+%27password%27%3A+%27gunlei1234%27%7D%5D
Sat, 10 Oct 2015 10:05:20 main.py[line:54] INFO 返回码: 302
Sat, 10 Oct 2015 10:05:20 main.py[line:55] INFO 返回数据: 
Sat, 10 Oct 2015 10:05:20 main.py[line:77] INFO  
Sat, 10 Oct 2015 10:05:20 main.py[line:78] INFO ***************************请求次数:72*******************************
Sat, 10 Oct 2015 10:05:20 main.py[line:79] INFO Thread:(139641583818496) Time:Sat Oct 10 10:05:20 2015

Sat, 10 Oct 2015 10:05:20 main.py[line:53] INFO 发送数据: operationData=%5B%7B%27login%27%3A+%27admin%27%2C+%27password%27%3A+%27gunlei1234%27%7D%5D
Sat, 10 Oct 2015 10:05:20 main.py[line:54] INFO 返回码: 302
Sat, 10 Oct 2015 10:05:20 main.py[line:55] INFO 返回数据: 
Sat, 10 Oct 2015 10:05:20 main.py[line:77] INFO  
Sat, 10 Oct 2015 10:05:20 main.py[line:78] INFO ***************************请求次数:73*******************************
Sat, 10 Oct 2015 10:05:20 main.py[line:79] INFO Thread:(139641713428224) Time:Sat Oct 10 10:05:20 2015

Sat, 10 Oct 2015 10:05:20 main.py[line:53] INFO 发送数据: operationData=%5B%7B%27login%27%3A+%27admin%27%2C+%27password%27%3A+%27gunlei1234%27%7D%5D
Sat, 10 Oct 2015 10:05:20 main.py[line:54] INFO 返回码: 302
Sat, 10 Oct 2015 10:05:20 main.py[line:55] INFO 返回数据: 
Sat, 10 Oct 2015 10:05:20 main.py[line:77] INFO  
Sat, 10 Oct 2015 10:05:20 main.py[line:78] INFO ***************************请求次数:74*******************************
Sat, 10 Oct 2015 10:05:20 main.py[line:79] INFO Thread:(139641679857408) Time:Sat Oct 10 10:05:20 2015

Sat, 10 Oct 2015 10:05:20 main.py[line:53] INFO 发送数据: operationData=%5B%7B%27login%27%3A+%27admin%27%2C+%27password%27%3A+%27gunlei1234%27%7D%5D
Sat, 10 Oct 2015 10:05:20 main.py[line:54] INFO 返回码: 302
Sat, 10 Oct 2015 10:05:20 main.py[line:55] INFO 返回数据: 
Sat, 10 Oct 2015 10:05:29 main.py[line:77] INFO  
Sat, 10 Oct 2015 10:05:29 main.py[line:78] INFO ***************************请求次数:75*******************************
Sat, 10 Oct 2015 10:05:29 main.py[line:79] INFO Thread:(139641575425792) Time:Sat Oct 10 10:05:29 2015

Sat, 10 Oct 2015 10:05:29 main.py[line:53] INFO 发送数据: operationData=%5B%7B%27login%27%3A+%27admin%27%2C+%27password%27%3A+%27gunlei1234%27%7D%5D
Sat, 10 Oct 2015 10:05:29 main.py[line:54] INFO 返回码: 302
Sat, 10 Oct 2015 10:05:29 main.py[line:55] INFO 返回数据: 
Sat, 10 Oct 2015 10:05:29 main.py[line:77] INFO  
Sat, 10 Oct 2015 10:05:29 main.py[line:78] INFO ***************************请求次数:76*******************************
Sat, 10 Oct 2015 10:05:29 main.py[line:79] INFO Thread:(139641738606336) Time:Sat Oct 10 10:05:29 2015

Sat, 10 Oct 2015 10:05:29 main.py[line:53] INFO 发送数据: operationData=%5B%7B%27login%27%3A+%27admin%27%2C+%27password%27%3A+%27gunlei1234%27%7D%5D
Sat, 10 Oct 2015 10:05:29 main.py[line:54] INFO 返回码: 302
Sat, 10 Oct 2015 10:05:29 main.py[line:55] INFO 返回数据: 
Sat, 10 Oct 2015 10:05:29 main.py[line:77] INFO  
Sat, 10 Oct 2015 10:05:29 main.py[line:78] INFO ***************************请求次数:77*******************************
Sat, 10 Oct 2015 10:05:29 main.py[line:79] INFO Thread:(139641730213632) Time:Sat Oct 10 10:05:29 2015

Sat, 10 Oct 2015 10:05:29 main.py[line:53] INFO 发送数据: operationData=%5B%7B%27login%27%3A+%27admin%27%2C+%27password%27%3A+%27gunlei1234%27%7D%5D
Sat, 10 Oct 2015 10:05:29 main.py[line:54] INFO 返回码: 302
Sat, 10 Oct 2015 10:05:29 main.py[line:55] INFO 返回数据: 
Sat, 10 Oct 2015 10:05:29 main.py[line:77] INFO  
Sat, 10 Oct 2015 10:05:29 main.py[line:78] INFO ***************************请求次数:78*******************************
Sat, 10 Oct 2015 10:05:29 main.py[line:79] INFO Thread:(139641567033088) Time:Sat Oct 10 10:05:29 2015

Sat, 10 Oct 2015 10:05:29 main.py[line:53] INFO 发送数据: operationData=%5B%7B%27login%27%3A+%27admin%27%2C+%27password%27%3A+%27gunlei1234%27%7D%5D
Sat, 10 Oct 2015 10:05:29 main.py[line:54] INFO 返回码: 302
Sat, 10 Oct 2015 10:05:29 main.py[line:55] INFO 返回数据: 
Sat, 10 Oct 2015 10:05:29 main.py[line:77] INFO  
Sat, 10 Oct 2015 10:05:29 main.py[line:78] INFO ***************************请求次数:79*******************************
Sat, 10 Oct 2015 10:05:29 main.py[line:79] INFO Thread:(139641600603904) Time:Sat Oct 10 10:05:29 2015

Sat, 10 Oct 2015 10:05:29 main.py[line:53] INFO 发送数据: operationData=%5B%7B%27login%27%3A+%27admin%27%2C+%27password%27%3A+%27gunlei1234%27%7D%5D
Sat, 10 Oct 2015 10:05:29 main.py[line:54] INFO 返回码: 302
Sat, 10 Oct 2015 10:05:29 main.py[line:55] INFO 返回数据: 
Sat, 10 Oct 2015 10:05:29 main.py[line:77] INFO  
Sat, 10 Oct 2015 10:05:29 main.py[line:78] INFO ***************************请求次数:80*******************************
Sat, 10 Oct 2015 10:05:29 main.py[line:79] INFO Thread:(139641721820928) Time:Sat Oct 10 10:05:29 2015

Sat, 10 Oct 2015 10:05:29 main.py[line:53] INFO 发送数据: operationData=%5B%7B%27login%27%3A+%27admin%27%2C+%27password%27%3A+%27gunlei1234%27%7D%5D
Sat, 10 Oct 2015 10:05:29 main.py[line:54] INFO 返回码: 302
Sat, 10 Oct 2015 10:05:29 main.py[line:55] INFO 返回数据: 
Sat, 10 Oct 2015 10:05:29 main.py[line:77] INFO  
Sat, 10 Oct 2015 10:05:29 main.py[line:78] INFO ***************************请求次数:81*******************************
Sat, 10 Oct 2015 10:05:29 main.py[line:79] INFO Thread:(139641550247680) Time:Sat Oct 10 10:05:29 2015

Sat, 10 Oct 2015 10:05:29 main.py[line:53] INFO 发送数据: operationData=%5B%7B%27login%27%3A+%27admin%27%2C+%27password%27%3A+%27gunlei1234%27%7D%5D
Sat, 10 Oct 2015 10:05:29 main.py[line:54] INFO 返回码: 302
Sat, 10 Oct 2015 10:05:29 main.py[line:55] INFO 返回数据: 
Sat, 10 Oct 2015 10:05:29 main.py[line:77] INFO  
Sat, 10 Oct 2015 10:05:29 main.py[line:78] INFO ***************************请求次数:82*******************************
Sat, 10 Oct 2015 10:05:29 main.py[line:79] INFO Thread:(139641705035520) Time:Sat Oct 10 10:05:29 2015

Sat, 10 Oct 2015 10:05:29 main.py[line:53] INFO 发送数据: operationData=%5B%7B%27login%27%3A+%27admin%27%2C+%27password%27%3A+%27gunlei1234%27%7D%5D
Sat, 10 Oct 2015 10:05:29 main.py[line:54] INFO 返回码: 302
Sat, 10 Oct 2015 10:05:29 main.py[line:55] INFO 返回数据: 
Sat, 10 Oct 2015 10:05:29 main.py[line:77] INFO  
Sat, 10 Oct 2015 10:05:29 main.py[line:78] INFO ***************************请求次数:83*******************************
Sat, 10 Oct 2015 10:05:29 main.py[line:79] INFO Thread:(139641696642816) Time:Sat Oct 10 10:05:29 2015

Sat, 10 Oct 2015 10:05:29 main.py[line:53] INFO 发送数据: operationData=%5B%7B%27login%27%3A+%27admin%27%2C+%27password%27%3A+%27gunlei1234%27%7D%5D
Sat, 10 Oct 2015 10:05:29 main.py[line:54] INFO 返回码: 302
Sat, 10 Oct 2015 10:05:29 main.py[line:55] INFO 返回数据: 
Sat, 10 Oct 2015 10:05:29 main.py[line:77] INFO  
Sat, 10 Oct 2015 10:05:29 main.py[line:78] INFO ***************************请求次数:84*******************************
Sat, 10 Oct 2015 10:05:29 main.py[line:79] INFO Thread:(139641688250112) Time:Sat Oct 10 10:05:29 2015

Sat, 10 Oct 2015 10:05:29 main.py[line:53] INFO 发送数据: operationData=%5B%7B%27login%27%3A+%27admin%27%2C+%27password%27%3A+%27gunlei1234%27%7D%5D
Sat, 10 Oct 2015 10:05:29 main.py[line:54] INFO 返回码: 302
Sat, 10 Oct 2015 10:05:29 main.py[line:55] INFO 返回数据: 
Sat, 10 Oct 2015 10:05:29 main.py[line:77] INFO  
Sat, 10 Oct 2015 10:05:29 main.py[line:78] INFO ***************************请求次数:85*******************************
Sat, 10 Oct 2015 10:05:29 main.py[line:79] INFO Thread:(139641558640384) Time:Sat Oct 10 10:05:29 2015

Sat, 10 Oct 2015 10:05:30 main.py[line:53] INFO 发送数据: operationData=%5B%7B%27login%27%3A+%27admin%27%2C+%27password%27%3A+%27gunlei1234%27%7D%5D
Sat, 10 Oct 2015 10:05:30 main.py[line:54] INFO 返回码: 302
Sat, 10 Oct 2015 10:05:30 main.py[line:55] INFO 返回数据: 
Sat, 10 Oct 2015 10:05:30 main.py[line:77] INFO  
Sat, 10 Oct 2015 10:05:30 main.py[line:78] INFO ***************************请求次数:86*******************************
Sat, 10 Oct 2015 10:05:30 main.py[line:79] INFO Thread:(139641592211200) Time:Sat Oct 10 10:05:30 2015

Sat, 10 Oct 2015 10:05:30 main.py[line:53] INFO 发送数据: operationData=%5B%7B%27login%27%3A+%27admin%27%2C+%27password%27%3A+%27gunlei1234%27%7D%5D
Sat, 10 Oct 2015 10:05:30 main.py[line:54] INFO 返回码: 302
Sat, 10 Oct 2015 10:05:30 main.py[line:55] INFO 返回数据: 
Sat, 10 Oct 2015 10:05:30 main.py[line:77] INFO  
Sat, 10 Oct 2015 10:05:30 main.py[line:78] INFO ***************************请求次数:87*******************************
Sat, 10 Oct 2015 10:05:30 main.py[line:79] INFO Thread:(139641583818496) Time:Sat Oct 10 10:05:30 2015

Sat, 10 Oct 2015 10:05:30 main.py[line:53] INFO 发送数据: operationData=%5B%7B%27login%27%3A+%27admin%27%2C+%27password%27%3A+%27gunlei1234%27%7D%5D
Sat, 10 Oct 2015 10:05:30 main.py[line:54] INFO 返回码: 302
Sat, 10 Oct 2015 10:05:30 main.py[line:55] INFO 返回数据: 
Sat, 10 Oct 2015 10:05:30 main.py[line:77] INFO  
Sat, 10 Oct 2015 10:05:30 main.py[line:78] INFO ***************************请求次数:88*******************************
Sat, 10 Oct 2015 10:05:30 main.py[line:79] INFO Thread:(139641713428224) Time:Sat Oct 10 10:05:30 2015

Sat, 10 Oct 2015 10:05:30 main.py[line:53] INFO 发送数据: operationData=%5B%7B%27login%27%3A+%27admin%27%2C+%27password%27%3A+%27gunlei1234%27%7D%5D
Sat, 10 Oct 2015 10:05:30 main.py[line:54] INFO 返回码: 302
Sat, 10 Oct 2015 10:05:30 main.py[line:55] INFO 返回数据: 
Sat, 10 Oct 2015 10:05:30 main.py[line:77] INFO  
Sat, 10 Oct 2015 10:05:30 main.py[line:78] INFO ***************************请求次数:89*******************************
Sat, 10 Oct 2015 10:05:30 main.py[line:79] INFO Thread:(139641679857408) Time:Sat Oct 10 10:05:30 2015

Sat, 10 Oct 2015 10:05:30 main.py[line:53] INFO 发送数据: operationData=%5B%7B%27login%27%3A+%27admin%27%2C+%27password%27%3A+%27gunlei1234%27%7D%5D
Sat, 10 Oct 2015 10:05:30 main.py[line:54] INFO 返回码: 302
Sat, 10 Oct 2015 10:05:30 main.py[line:55] INFO 返回数据: 
Sat, 10 Oct 2015 10:05:39 main.py[line:77] INFO  
Sat, 10 Oct 2015 10:05:39 main.py[line:78] INFO ***************************请求次数:90*******************************
Sat, 10 Oct 2015 10:05:39 main.py[line:79] INFO Thread:(139641575425792) Time:Sat Oct 10 10:05:39 2015

Sat, 10 Oct 2015 10:05:39 main.py[line:53] INFO 发送数据: operationData=%5B%7B%27login%27%3A+%27admin%27%2C+%27password%27%3A+%27gunlei1234%27%7D%5D
Sat, 10 Oct 2015 10:05:39 main.py[line:54] INFO 返回码: 302
Sat, 10 Oct 2015 10:05:39 main.py[line:55] INFO 返回数据: 
Sat, 10 Oct 2015 10:05:39 main.py[line:77] INFO  
Sat, 10 Oct 2015 10:05:39 main.py[line:78] INFO ***************************请求次数:91*******************************
Sat, 10 Oct 2015 10:05:39 main.py[line:79] INFO Thread:(139641738606336) Time:Sat Oct 10 10:05:39 2015

Sat, 10 Oct 2015 10:05:39 main.py[line:53] INFO 发送数据: operationData=%5B%7B%27login%27%3A+%27admin%27%2C+%27password%27%3A+%27gunlei1234%27%7D%5D
Sat, 10 Oct 2015 10:05:39 main.py[line:54] INFO 返回码: 302
Sat, 10 Oct 2015 10:05:39 main.py[line:55] INFO 返回数据: 
Sat, 10 Oct 2015 10:05:39 main.py[line:77] INFO  
Sat, 10 Oct 2015 10:05:39 main.py[line:78] INFO ***************************请求次数:92*******************************
Sat, 10 Oct 2015 10:05:39 main.py[line:79] INFO Thread:(139641730213632) Time:Sat Oct 10 10:05:39 2015

Sat, 10 Oct 2015 10:05:39 main.py[line:53] INFO 发送数据: operationData=%5B%7B%27login%27%3A+%27admin%27%2C+%27password%27%3A+%27gunlei1234%27%7D%5D
Sat, 10 Oct 2015 10:05:39 main.py[line:54] INFO 返回码: 302
Sat, 10 Oct 2015 10:05:39 main.py[line:55] INFO 返回数据: 
Sat, 10 Oct 2015 10:05:39 main.py[line:77] INFO  
Sat, 10 Oct 2015 10:05:39 main.py[line:78] INFO ***************************请求次数:93*******************************
Sat, 10 Oct 2015 10:05:39 main.py[line:79] INFO Thread:(139641567033088) Time:Sat Oct 10 10:05:39 2015

Sat, 10 Oct 2015 10:05:39 main.py[line:53] INFO 发送数据: operationData=%5B%7B%27login%27%3A+%27admin%27%2C+%27password%27%3A+%27gunlei1234%27%7D%5D
Sat, 10 Oct 2015 10:05:39 main.py[line:54] INFO 返回码: 302
Sat, 10 Oct 2015 10:05:39 main.py[line:55] INFO 返回数据: 
Sat, 10 Oct 2015 10:05:39 main.py[line:77] INFO  
Sat, 10 Oct 2015 10:05:39 main.py[line:78] INFO ***************************请求次数:94*******************************
Sat, 10 Oct 2015 10:05:39 main.py[line:79] INFO Thread:(139641600603904) Time:Sat Oct 10 10:05:39 2015

Sat, 10 Oct 2015 10:05:39 main.py[line:53] INFO 发送数据: operationData=%5B%7B%27login%27%3A+%27admin%27%2C+%27password%27%3A+%27gunlei1234%27%7D%5D
Sat, 10 Oct 2015 10:05:39 main.py[line:54] INFO 返回码: 302
Sat, 10 Oct 2015 10:05:39 main.py[line:55] INFO 返回数据: 
Sat, 10 Oct 2015 10:05:39 main.py[line:77] INFO  
Sat, 10 Oct 2015 10:05:39 main.py[line:78] INFO ***************************请求次数:95*******************************
Sat, 10 Oct 2015 10:05:39 main.py[line:79] INFO Thread:(139641721820928) Time:Sat Oct 10 10:05:39 2015

Sat, 10 Oct 2015 10:05:39 main.py[line:53] INFO 发送数据: operationData=%5B%7B%27login%27%3A+%27admin%27%2C+%27password%27%3A+%27gunlei1234%27%7D%5D
Sat, 10 Oct 2015 10:05:39 main.py[line:54] INFO 返回码: 302
Sat, 10 Oct 2015 10:05:39 main.py[line:55] INFO 返回数据: 
Sat, 10 Oct 2015 10:05:39 main.py[line:77] INFO  
Sat, 10 Oct 2015 10:05:39 main.py[line:78] INFO ***************************请求次数:96*******************************
Sat, 10 Oct 2015 10:05:39 main.py[line:79] INFO Thread:(139641550247680) Time:Sat Oct 10 10:05:39 2015

Sat, 10 Oct 2015 10:05:39 main.py[line:53] INFO 发送数据: operationData=%5B%7B%27login%27%3A+%27admin%27%2C+%27password%27%3A+%27gunlei1234%27%7D%5D
Sat, 10 Oct 2015 10:05:39 main.py[line:54] INFO 返回码: 302
Sat, 10 Oct 2015 10:05:39 main.py[line:55] INFO 返回数据: 
Sat, 10 Oct 2015 10:05:39 main.py[line:77] INFO  
Sat, 10 Oct 2015 10:05:39 main.py[line:78] INFO ***************************请求次数:97*******************************
Sat, 10 Oct 2015 10:05:39 main.py[line:79] INFO Thread:(139641705035520) Time:Sat Oct 10 10:05:39 2015

Sat, 10 Oct 2015 10:05:39 main.py[line:53] INFO 发送数据: operationData=%5B%7B%27login%27%3A+%27admin%27%2C+%27password%27%3A+%27gunlei1234%27%7D%5D
Sat, 10 Oct 2015 10:05:39 main.py[line:54] INFO 返回码: 302
Sat, 10 Oct 2015 10:05:39 main.py[line:55] INFO 返回数据: 
Sat, 10 Oct 2015 10:05:39 main.py[line:77] INFO  
Sat, 10 Oct 2015 10:05:39 main.py[line:78] INFO ***************************请求次数:98*******************************
Sat, 10 Oct 2015 10:05:39 main.py[line:79] INFO Thread:(139641696642816) Time:Sat Oct 10 10:05:39 2015

Sat, 10 Oct 2015 10:05:40 main.py[line:53] INFO 发送数据: operationData=%5B%7B%27login%27%3A+%27admin%27%2C+%27password%27%3A+%27gunlei1234%27%7D%5D
Sat, 10 Oct 2015 10:05:40 main.py[line:54] INFO 返回码: 302
Sat, 10 Oct 2015 10:05:40 main.py[line:55] INFO 返回数据: 
Sat, 10 Oct 2015 10:05:40 main.py[line:77] INFO  
Sat, 10 Oct 2015 10:05:40 main.py[line:78] INFO ***************************请求次数:99*******************************
Sat, 10 Oct 2015 10:05:40 main.py[line:79] INFO Thread:(139641688250112) Time:Sat Oct 10 10:05:40 2015

Sat, 10 Oct 2015 10:05:40 main.py[line:53] INFO 发送数据: operationData=%5B%7B%27login%27%3A+%27admin%27%2C+%27password%27%3A+%27gunlei1234%27%7D%5D
Sat, 10 Oct 2015 10:05:40 main.py[line:54] INFO 返回码: 302
Sat, 10 Oct 2015 10:05:40 main.py[line:55] INFO 返回数据: 
Sat, 10 Oct 2015 10:05:40 main.py[line:77] INFO  
Sat, 10 Oct 2015 10:05:40 main.py[line:78] INFO ***************************请求次数:100*******************************
Sat, 10 Oct 2015 10:05:40 main.py[line:79] INFO Thread:(139641558640384) Time:Sat Oct 10 10:05:40 2015

Sat, 10 Oct 2015 10:05:40 main.py[line:53] INFO 发送数据: operationData=%5B%7B%27login%27%3A+%27admin%27%2C+%27password%27%3A+%27gunlei1234%27%7D%5D
Sat, 10 Oct 2015 10:05:40 main.py[line:54] INFO 返回码: 302
Sat, 10 Oct 2015 10:05:40 main.py[line:55] INFO 返回数据: 
Sat, 10 Oct 2015 10:05:40 main.py[line:77] INFO  
Sat, 10 Oct 2015 10:05:40 main.py[line:78] INFO ***************************请求次数:101*******************************
Sat, 10 Oct 2015 10:05:40 main.py[line:79] INFO Thread:(139641592211200) Time:Sat Oct 10 10:05:40 2015

Sat, 10 Oct 2015 10:05:40 main.py[line:53] INFO 发送数据: operationData=%5B%7B%27login%27%3A+%27admin%27%2C+%27password%27%3A+%27gunlei1234%27%7D%5D
Sat, 10 Oct 2015 10:05:40 main.py[line:54] INFO 返回码: 302
Sat, 10 Oct 2015 10:05:40 main.py[line:55] INFO 返回数据: 
Sat, 10 Oct 2015 10:05:40 main.py[line:77] INFO  
Sat, 10 Oct 2015 10:05:40 main.py[line:78] INFO ***************************请求次数:102*******************************
Sat, 10 Oct 2015 10:05:40 main.py[line:79] INFO Thread:(139641583818496) Time:Sat Oct 10 10:05:40 2015

Sat, 10 Oct 2015 10:05:40 main.py[line:53] INFO 发送数据: operationData=%5B%7B%27login%27%3A+%27admin%27%2C+%27password%27%3A+%27gunlei1234%27%7D%5D
Sat, 10 Oct 2015 10:05:40 main.py[line:54] INFO 返回码: 302
Sat, 10 Oct 2015 10:05:40 main.py[line:55] INFO 返回数据: 
Sat, 10 Oct 2015 10:05:40 main.py[line:77] INFO  
Sat, 10 Oct 2015 10:05:40 main.py[line:78] INFO ***************************请求次数:103*******************************
Sat, 10 Oct 2015 10:05:40 main.py[line:79] INFO Thread:(139641713428224) Time:Sat Oct 10 10:05:40 2015

Sat, 10 Oct 2015 10:05:40 main.py[line:53] INFO 发送数据: operationData=%5B%7B%27login%27%3A+%27admin%27%2C+%27password%27%3A+%27gunlei1234%27%7D%5D
Sat, 10 Oct 2015 10:05:40 main.py[line:54] INFO 返回码: 302
Sat, 10 Oct 2015 10:05:40 main.py[line:55] INFO 返回数据: 
Sat, 10 Oct 2015 10:05:40 main.py[line:77] INFO  
Sat, 10 Oct 2015 10:05:40 main.py[line:78] INFO ***************************请求次数:104*******************************
Sat, 10 Oct 2015 10:05:40 main.py[line:79] INFO Thread:(139641679857408) Time:Sat Oct 10 10:05:40 2015

Sat, 10 Oct 2015 10:05:40 main.py[line:53] INFO 发送数据: operationData=%5B%7B%27login%27%3A+%27admin%27%2C+%27password%27%3A+%27gunlei1234%27%7D%5D
Sat, 10 Oct 2015 10:05:40 main.py[line:54] INFO 返回码: 302
Sat, 10 Oct 2015 10:05:40 main.py[line:55] INFO 返回数据: 
Sat, 10 Oct 2015 10:05:49 main.py[line:77] INFO  
Sat, 10 Oct 2015 10:05:49 main.py[line:78] INFO ***************************请求次数:105*******************************
Sat, 10 Oct 2015 10:05:49 main.py[line:79] INFO Thread:(139641575425792) Time:Sat Oct 10 10:05:49 2015

Sat, 10 Oct 2015 10:05:49 main.py[line:53] INFO 发送数据: operationData=%5B%7B%27login%27%3A+%27admin%27%2C+%27password%27%3A+%27gunlei1234%27%7D%5D
Sat, 10 Oct 2015 10:05:49 main.py[line:54] INFO 返回码: 302
Sat, 10 Oct 2015 10:05:49 main.py[line:55] INFO 返回数据: 
Sat, 10 Oct 2015 10:05:49 main.py[line:77] INFO  
Sat, 10 Oct 2015 10:05:49 main.py[line:78] INFO ***************************请求次数:106*******************************
Sat, 10 Oct 2015 10:05:49 main.py[line:79] INFO Thread:(139641738606336) Time:Sat Oct 10 10:05:49 2015

Sat, 10 Oct 2015 10:05:49 main.py[line:53] INFO 发送数据: operationData=%5B%7B%27login%27%3A+%27admin%27%2C+%27password%27%3A+%27gunlei1234%27%7D%5D
Sat, 10 Oct 2015 10:05:49 main.py[line:54] INFO 返回码: 302
Sat, 10 Oct 2015 10:05:49 main.py[line:55] INFO 返回数据: 
Sat, 10 Oct 2015 10:05:49 main.py[line:77] INFO  
Sat, 10 Oct 2015 10:05:49 main.py[line:78] INFO ***************************请求次数:107*******************************
Sat, 10 Oct 2015 10:05:49 main.py[line:79] INFO Thread:(139641730213632) Time:Sat Oct 10 10:05:49 2015

Sat, 10 Oct 2015 10:05:49 main.py[line:53] INFO 发送数据: operationData=%5B%7B%27login%27%3A+%27admin%27%2C+%27password%27%3A+%27gunlei1234%27%7D%5D
Sat, 10 Oct 2015 10:05:49 main.py[line:54] INFO 返回码: 302
Sat, 10 Oct 2015 10:05:49 main.py[line:55] INFO 返回数据: 
Sat, 10 Oct 2015 10:05:49 main.py[line:77] INFO  
Sat, 10 Oct 2015 10:05:49 main.py[line:78] INFO ***************************请求次数:108*******************************
Sat, 10 Oct 2015 10:05:49 main.py[line:79] INFO Thread:(139641567033088) Time:Sat Oct 10 10:05:49 2015

Sat, 10 Oct 2015 10:05:49 main.py[line:53] INFO 发送数据: operationData=%5B%7B%27login%27%3A+%27admin%27%2C+%27password%27%3A+%27gunlei1234%27%7D%5D
Sat, 10 Oct 2015 10:05:49 main.py[line:54] INFO 返回码: 302
Sat, 10 Oct 2015 10:05:49 main.py[line:55] INFO 返回数据: 
Sat, 10 Oct 2015 10:05:49 main.py[line:77] INFO  
Sat, 10 Oct 2015 10:05:49 main.py[line:78] INFO ***************************请求次数:109*******************************
Sat, 10 Oct 2015 10:05:49 main.py[line:79] INFO Thread:(139641600603904) Time:Sat Oct 10 10:05:49 2015

Sat, 10 Oct 2015 10:05:49 main.py[line:53] INFO 发送数据: operationData=%5B%7B%27login%27%3A+%27admin%27%2C+%27password%27%3A+%27gunlei1234%27%7D%5D
Sat, 10 Oct 2015 10:05:49 main.py[line:54] INFO 返回码: 302
Sat, 10 Oct 2015 10:05:49 main.py[line:55] INFO 返回数据: 
Sat, 10 Oct 2015 10:05:49 main.py[line:77] INFO  
Sat, 10 Oct 2015 10:05:49 main.py[line:78] INFO ***************************请求次数:110*******************************
Sat, 10 Oct 2015 10:05:49 main.py[line:79] INFO Thread:(139641721820928) Time:Sat Oct 10 10:05:49 2015

Sat, 10 Oct 2015 10:05:49 main.py[line:53] INFO 发送数据: operationData=%5B%7B%27login%27%3A+%27admin%27%2C+%27password%27%3A+%27gunlei1234%27%7D%5D
Sat, 10 Oct 2015 10:05:49 main.py[line:54] INFO 返回码: 302
Sat, 10 Oct 2015 10:05:49 main.py[line:55] INFO 返回数据: 
Sat, 10 Oct 2015 10:05:49 main.py[line:77] INFO  
Sat, 10 Oct 2015 10:05:49 main.py[line:78] INFO ***************************请求次数:111*******************************
Sat, 10 Oct 2015 10:05:49 main.py[line:79] INFO Thread:(139641550247680) Time:Sat Oct 10 10:05:49 2015

Sat, 10 Oct 2015 10:05:49 main.py[line:53] INFO 发送数据: operationData=%5B%7B%27login%27%3A+%27admin%27%2C+%27password%27%3A+%27gunlei1234%27%7D%5D
Sat, 10 Oct 2015 10:05:49 main.py[line:54] INFO 返回码: 302
Sat, 10 Oct 2015 10:05:49 main.py[line:55] INFO 返回数据: 
Sat, 10 Oct 2015 10:05:49 main.py[line:77] INFO  
Sat, 10 Oct 2015 10:05:49 main.py[line:78] INFO ***************************请求次数:112*******************************
Sat, 10 Oct 2015 10:05:49 main.py[line:79] INFO Thread:(139641705035520) Time:Sat Oct 10 10:05:49 2015

Sat, 10 Oct 2015 10:05:50 main.py[line:53] INFO 发送数据: operationData=%5B%7B%27login%27%3A+%27admin%27%2C+%27password%27%3A+%27gunlei1234%27%7D%5D
Sat, 10 Oct 2015 10:05:50 main.py[line:54] INFO 返回码: 302
Sat, 10 Oct 2015 10:05:50 main.py[line:55] INFO 返回数据: 
Sat, 10 Oct 2015 10:05:50 main.py[line:77] INFO  
Sat, 10 Oct 2015 10:05:50 main.py[line:78] INFO ***************************请求次数:113*******************************
Sat, 10 Oct 2015 10:05:50 main.py[line:79] INFO Thread:(139641696642816) Time:Sat Oct 10 10:05:50 2015

Sat, 10 Oct 2015 10:05:50 main.py[line:53] INFO 发送数据: operationData=%5B%7B%27login%27%3A+%27admin%27%2C+%27password%27%3A+%27gunlei1234%27%7D%5D
Sat, 10 Oct 2015 10:05:50 main.py[line:54] INFO 返回码: 302
Sat, 10 Oct 2015 10:05:50 main.py[line:55] INFO 返回数据: 
Sat, 10 Oct 2015 10:05:50 main.py[line:77] INFO  
Sat, 10 Oct 2015 10:05:50 main.py[line:78] INFO ***************************请求次数:114*******************************
Sat, 10 Oct 2015 10:05:50 main.py[line:79] INFO Thread:(139641688250112) Time:Sat Oct 10 10:05:50 2015

Sat, 10 Oct 2015 10:05:50 main.py[line:53] INFO 发送数据: operationData=%5B%7B%27login%27%3A+%27admin%27%2C+%27password%27%3A+%27gunlei1234%27%7D%5D
Sat, 10 Oct 2015 10:05:50 main.py[line:54] INFO 返回码: 302
Sat, 10 Oct 2015 10:05:50 main.py[line:55] INFO 返回数据: 
Sat, 10 Oct 2015 10:05:50 main.py[line:77] INFO  
Sat, 10 Oct 2015 10:05:50 main.py[line:78] INFO ***************************请求次数:115*******************************
Sat, 10 Oct 2015 10:05:50 main.py[line:79] INFO Thread:(139641558640384) Time:Sat Oct 10 10:05:50 2015

Sat, 10 Oct 2015 10:05:50 main.py[line:53] INFO 发送数据: operationData=%5B%7B%27login%27%3A+%27admin%27%2C+%27password%27%3A+%27gunlei1234%27%7D%5D
Sat, 10 Oct 2015 10:05:50 main.py[line:54] INFO 返回码: 302
Sat, 10 Oct 2015 10:05:50 main.py[line:55] INFO 返回数据: 
Sat, 10 Oct 2015 10:05:50 main.py[line:77] INFO  
Sat, 10 Oct 2015 10:05:50 main.py[line:78] INFO ***************************请求次数:116*******************************
Sat, 10 Oct 2015 10:05:50 main.py[line:79] INFO Thread:(139641592211200) Time:Sat Oct 10 10:05:50 2015

Sat, 10 Oct 2015 10:05:50 main.py[line:53] INFO 发送数据: operationData=%5B%7B%27login%27%3A+%27admin%27%2C+%27password%27%3A+%27gunlei1234%27%7D%5D
Sat, 10 Oct 2015 10:05:50 main.py[line:54] INFO 返回码: 302
Sat, 10 Oct 2015 10:05:50 main.py[line:55] INFO 返回数据: 
Sat, 10 Oct 2015 10:05:50 main.py[line:77] INFO  
Sat, 10 Oct 2015 10:05:50 main.py[line:78] INFO ***************************请求次数:117*******************************
Sat, 10 Oct 2015 10:05:50 main.py[line:79] INFO Thread:(139641583818496) Time:Sat Oct 10 10:05:50 2015

Sat, 10 Oct 2015 10:05:50 main.py[line:53] INFO 发送数据: operationData=%5B%7B%27login%27%3A+%27admin%27%2C+%27password%27%3A+%27gunlei1234%27%7D%5D
Sat, 10 Oct 2015 10:05:50 main.py[line:54] INFO 返回码: 302
Sat, 10 Oct 2015 10:05:50 main.py[line:55] INFO 返回数据: 
Sat, 10 Oct 2015 10:05:50 main.py[line:77] INFO  
Sat, 10 Oct 2015 10:05:50 main.py[line:78] INFO ***************************请求次数:118*******************************
Sat, 10 Oct 2015 10:05:50 main.py[line:79] INFO Thread:(139641713428224) Time:Sat Oct 10 10:05:50 2015

Sat, 10 Oct 2015 10:05:50 main.py[line:53] INFO 发送数据: operationData=%5B%7B%27login%27%3A+%27admin%27%2C+%27password%27%3A+%27gunlei1234%27%7D%5D
Sat, 10 Oct 2015 10:05:50 main.py[line:54] INFO 返回码: 302
Sat, 10 Oct 2015 10:05:50 main.py[line:55] INFO 返回数据: 
Sat, 10 Oct 2015 10:05:50 main.py[line:77] INFO  
Sat, 10 Oct 2015 10:05:50 main.py[line:78] INFO ***************************请求次数:119*******************************
Sat, 10 Oct 2015 10:05:50 main.py[line:79] INFO Thread:(139641679857408) Time:Sat Oct 10 10:05:50 2015

Sat, 10 Oct 2015 10:05:50 main.py[line:53] INFO 发送数据: operationData=%5B%7B%27login%27%3A+%27admin%27%2C+%27password%27%3A+%27gunlei1234%27%7D%5D
Sat, 10 Oct 2015 10:05:50 main.py[line:54] INFO 返回码: 302
Sat, 10 Oct 2015 10:05:50 main.py[line:55] INFO 返回数据: 
